// Jest Snapshot v1, https://goo.gl/fbAQLP

exports[`renders correctly 1`] = `
<div
  className="events-container"
>
  <button
    className="Button btn btn-primary"
    disabled={false}
    onClick={[Function]}
    type="button"
  >
    Display Events
  </button>
  <br />
  <br />
  <button
    className="Button btn btn-primary"
    disabled={false}
    onClick={[Function]}
    type="button"
  >
    Logout
  </button>
  <br />
  <br />
   
   
  <br />
  <br />
</div>
`;
